(let count_by = (fun x -> (fix f c -> (if (1 <= c) then (x + (f (c - 1))) else 0))) in ((count_by 2) 5))