(if (((fun y -> (y + 5)) 3) <= 4) then (let x = 0 in (x * 5)) else false)