[(, if, (, <=, (, -, 9, 20, ), (, +, 3, 5, ), ), (, if, (, <=, 3, 1, ), (, /, 5, 2, ), false, ), (, *, 56, 7, ), )]