(let x:<bool> = ref(true) in (let y:<int> = ref(6) in ((while !x do !x end (if (!y <= 2) then (x := false) else ((y := (!y - 4));(x := true))));!y)))