(if ((9 - 20) <= (3 + 5)) then (if (3 <= 1) then (5 / 2) else 6) else (56 * 7))